// Jest Snapshot v1, https://goo.gl/fbAQLP

exports[`Check if headline is in component 1`] = `
Object {
  "asFragment": [Function],
  "baseElement": <body>
    <div>
      <div>
        <div
          class="ui huge center aligned header"
        >
          Create your own poll
        </div>
        <div
          class="ui large center aligned header"
          data-testid="headline"
        >
          Would you rather
        </div>
        <form
          class="ui form"
        >
          <div
            class="ui placeholder segment"
          >
            <div
              class="ui stackable center aligned two column grid"
            >
              <div
                class="ui vertical divider"
              >
                Or
              </div>
              <div
                class="middle aligned row"
              >
                <div
                  class="column"
                >
                  <div
                    class="equal width fields"
                  >
                    <div
                      class="field"
                    >
                      <label>
                        First option
                      </label>
                      <div
                        class="ui fluid input"
                      >
                        <input
                          type="text"
                          value=""
                        />
                      </div>
                    </div>
                  </div>
                </div>
                <div
                  class="column"
                >
                  <div
                    class="equal width fields"
                  >
                    <div
                      class="field"
                    >
                      <label>
                        Second option
                      </label>
                      <div
                        class="ui fluid input"
                      >
                        <input
                          type="text"
                          value=""
                        />
                      </div>
                    </div>
                  </div>
                </div>
              </div>
            </div>
          </div>
          <div
            class="submit-button"
          >
            <button
              class="ui primary disabled button"
              disabled=""
              tabindex="-1"
              type="submit"
            >
              Create Question
            </button>
          </div>
        </form>
      </div>
    </div>
  </body>,
  "container": <div>
    <div>
      <div
        class="ui huge center aligned header"
      >
        Create your own poll
      </div>
      <div
        class="ui large center aligned header"
        data-testid="headline"
      >
        Would you rather
      </div>
      <form
        class="ui form"
      >
        <div
          class="ui placeholder segment"
        >
          <div
            class="ui stackable center aligned two column grid"
          >
            <div
              class="ui vertical divider"
            >
              Or
            </div>
            <div
              class="middle aligned row"
            >
              <div
                class="column"
              >
                <div
                  class="equal width fields"
                >
                  <div
                    class="field"
                  >
                    <label>
                      First option
                    </label>
                    <div
                      class="ui fluid input"
                    >
                      <input
                        type="text"
                        value=""
                      />
                    </div>
                  </div>
                </div>
              </div>
              <div
                class="column"
              >
                <div
                  class="equal width fields"
                >
                  <div
                    class="field"
                  >
                    <label>
                      Second option
                    </label>
                    <div
                      class="ui fluid input"
                    >
                      <input
                        type="text"
                        value=""
                      />
                    </div>
                  </div>
                </div>
              </div>
            </div>
          </div>
        </div>
        <div
          class="submit-button"
        >
          <button
            class="ui primary disabled button"
            disabled=""
            tabindex="-1"
            type="submit"
          >
            Create Question
          </button>
        </div>
      </form>
    </div>
  </div>,
  "debug": [Function],
  "findAllByAltText": [Function],
  "findAllByDisplayValue": [Function],
  "findAllByLabelText": [Function],
  "findAllByPlaceholderText": [Function],
  "findAllByRole": [Function],
  "findAllByTestId": [Function],
  "findAllByText": [Function],
  "findAllByTitle": [Function],
  "findByAltText": [Function],
  "findByDisplayValue": [Function],
  "findByLabelText": [Function],
  "findByPlaceholderText": [Function],
  "findByRole": [Function],
  "findByTestId": [Function],
  "findByText": [Function],
  "findByTitle": [Function],
  "getAllByAltText": [Function],
  "getAllByDisplayValue": [Function],
  "getAllByLabelText": [Function],
  "getAllByPlaceholderText": [Function],
  "getAllByRole": [Function],
  "getAllByTestId": [Function],
  "getAllByText": [Function],
  "getAllByTitle": [Function],
  "getByAltText": [Function],
  "getByDisplayValue": [Function],
  "getByLabelText": [Function],
  "getByPlaceholderText": [Function],
  "getByRole": [Function],
  "getByTestId": [Function],
  "getByText": [Function],
  "getByTitle": [Function],
  "queryAllByAltText": [Function],
  "queryAllByDisplayValue": [Function],
  "queryAllByLabelText": [Function],
  "queryAllByPlaceholderText": [Function],
  "queryAllByRole": [Function],
  "queryAllByTestId": [Function],
  "queryAllByText": [Function],
  "queryAllByTitle": [Function],
  "queryByAltText": [Function],
  "queryByDisplayValue": [Function],
  "queryByLabelText": [Function],
  "queryByPlaceholderText": [Function],
  "queryByRole": [Function],
  "queryByTestId": [Function],
  "queryByText": [Function],
  "queryByTitle": [Function],
  "rerender": [Function],
  "unmount": [Function],
}
`;
